// Jest Snapshot v1, https://goo.gl/fbAQLP

exports[`test snapshot 1`] = `
<div
  className="MuiBox-root css-146v974"
>
  <div
    className="MuiBox-root css-orlaaz"
  >
    <svg
      aria-hidden={true}
      className="MuiSvgIcon-root MuiSvgIcon-fontSizeMedium css-1or9raf-MuiSvgIcon-root"
      data-testid="UnfoldMoreOutlinedIcon"
      focusable="false"
      onClick={[Function]}
      viewBox="0 0 24 24"
    >
      <path
        d="M12 5.83 15.17 9l1.41-1.41L12 3 7.41 7.59 8.83 9 12 5.83zm0 12.34L8.83 15l-1.41 1.41L12 21l4.59-4.59L15.17 15 12 18.17z"
      />
    </svg>
  </div>
  <hr
    className="MuiDivider-root MuiDivider-middle MuiDivider-vertical MuiDivider-flexItem css-16bghm4-MuiDivider-root"
  />
  <div
    className="MuiBox-root css-orlaaz"
  >
    <svg
      aria-hidden={true}
      className="MuiSvgIcon-root MuiSvgIcon-fontSizeMedium css-i4bv87-MuiSvgIcon-root"
      data-testid="ChatBubbleOutlineOutlinedIcon"
      focusable="false"
      viewBox="0 0 24 24"
    >
      <path
        d="M20 2H4c-1.1 0-2 .9-2 2v18l4-4h14c1.1 0 2-.9 2-2V4c0-1.1-.9-2-2-2zm0 14H6l-2 2V4h16v12z"
      />
    </svg>
    <span
      className="MuiTypography-root MuiTypography-caption css-9pee2b-MuiTypography-root"
      responsiveshare="true"
    />
  </div>
  <div
    className="MuiBox-root css-orlaaz"
  >
    <svg
      aria-hidden={true}
      className="MuiSvgIcon-root MuiSvgIcon-fontSizeMedium css-i4bv87-MuiSvgIcon-root"
      data-testid="ShortcutOutlinedIcon"
      focusable="false"
      viewBox="0 0 24 24"
    >
      <path
        d="m15 5-1.41 1.41L15 7.83 17.17 10H8c-2.76 0-5 2.24-5 5v4h2v-4c0-1.65 1.35-3 3-3h9.17L15 14.17l-1.41 1.41L15 17l6-6-6-6z"
      />
    </svg>
    <span
      className="MuiTypography-root MuiTypography-caption css-9pee2b-MuiTypography-root"
      responsiveshare="true"
    >
      Share
    </span>
  </div>
  <div
    className="MuiBox-root css-orlaaz"
    onClick={[Function]}
    onTouchEnd={[Function]}
  >
    <svg
      aria-hidden={true}
      className="MuiSvgIcon-root MuiSvgIcon-fontSizeMedium css-i4bv87-MuiSvgIcon-root"
      data-testid="AdminPanelSettingsOutlinedIcon"
      focusable="false"
      onClick={[Function]}
      viewBox="0 0 24 24"
    >
      <g
        fillRule="evenodd"
      >
        <circle
          cx="17"
          cy="15.5"
          r="1.12"
        />
        <path
          d="M17 17.5c-.73 0-2.19.36-2.24 1.08.5.71 1.32 1.17 2.24 1.17s1.74-.46 2.24-1.17c-.05-.72-1.51-1.08-2.24-1.08z"
        />
        <path
          d="M18 11.09V6.27L10.5 3 3 6.27v4.91c0 4.54 3.2 8.79 7.5 9.82.55-.13 1.08-.32 1.6-.55C13.18 21.99 14.97 23 17 23c3.31 0 6-2.69 6-6 0-2.97-2.16-5.43-5-5.91zM11 17c0 .56.08 1.11.23 1.62-.24.11-.48.22-.73.3-3.17-1-5.5-4.24-5.5-7.74v-3.6l5.5-2.4 5.5 2.4v3.51c-2.84.48-5 2.94-5 5.91zm6 4c-2.21 0-4-1.79-4-4s1.79-4 4-4 4 1.79 4 4-1.79 4-4 4z"
        />
      </g>
    </svg>
  </div>
  <div
    className="MuiBox-root css-1x9pena"
    condition="true"
    data-testid={false}
    onClick={[Function]}
  >
    <svg
      aria-hidden={true}
      className="MuiSvgIcon-root MuiSvgIcon-fontSizeMedium css-i4bv87-MuiSvgIcon-root"
      data-testid="ModeEditOutlinedIcon"
      focusable="false"
      viewBox="0 0 24 24"
    >
      <path
        d="M3 21h3.75L17.81 9.94l-3.75-3.75L3 17.25V21zm2-2.92 9.06-9.06.92.92L5.92 19H5v-.92zM18.37 3.29a.9959.9959 0 0 0-1.41 0l-1.83 1.83 3.75 3.75 1.83-1.83c.39-.39.39-1.02 0-1.41l-2.34-2.34z"
      />
    </svg>
    <span
      className="MuiTypography-root MuiTypography-caption css-1a0mhoe-MuiTypography-root"
      condition="true"
      data-testid={false}
    >
      Edit Post
    </span>
  </div>
  <div
    className="MuiBox-root css-1x9pena"
    condition="true"
    data-testid={false}
    onClick={[Function]}
  >
    <svg
      aria-hidden={true}
      className="MuiSvgIcon-root MuiSvgIcon-fontSizeMedium css-i4bv87-MuiSvgIcon-root"
      data-testid="BookmarkBorderOutlinedIcon"
      focusable="false"
      viewBox="0 0 24 24"
    >
      <path
        d="M17 3H7c-1.1 0-2 .9-2 2v16l7-3 7 3V5c0-1.1-.9-2-2-2zm0 15-5-2.18L7 18V5h10v13z"
      />
    </svg>
    <span
      className="MuiTypography-root MuiTypography-caption css-1a0mhoe-MuiTypography-root"
      condition="true"
      data-testid={false}
    >
      Save
    </span>
  </div>
  <div
    className="MuiBox-root css-1x9pena"
    condition="true"
    data-testid="hidden"
    onClick={[Function]}
  >
    <svg
      aria-hidden={true}
      className="MuiSvgIcon-root MuiSvgIcon-fontSizeMedium css-i4bv87-MuiSvgIcon-root"
      data-testid="VisibilityOffOutlinedIcon"
      focusable="false"
      viewBox="0 0 24 24"
    >
      <path
        d="M12 6c3.79 0 7.17 2.13 8.82 5.5-.59 1.22-1.42 2.27-2.41 3.12l1.41 1.41c1.39-1.23 2.49-2.77 3.18-4.53C21.27 7.11 17 4 12 4c-1.27 0-2.49.2-3.64.57l1.65 1.65C10.66 6.09 11.32 6 12 6zm-1.07 1.14L13 9.21c.57.25 1.03.71 1.28 1.28l2.07 2.07c.08-.34.14-.7.14-1.07C16.5 9.01 14.48 7 12 7c-.37 0-.72.05-1.07.14zM2.01 3.87l2.68 2.68C3.06 7.83 1.77 9.53 1 11.5 2.73 15.89 7 19 12 19c1.52 0 2.98-.29 4.32-.82l3.42 3.42 1.41-1.41L3.42 2.45 2.01 3.87zm7.5 7.5 2.61 2.61c-.04.01-.08.02-.12.02-1.38 0-2.5-1.12-2.5-2.5 0-.05.01-.08.01-.13zm-3.4-3.4 1.75 1.75c-.23.55-.36 1.15-.36 1.78 0 2.48 2.02 4.5 4.5 4.5.63 0 1.23-.13 1.77-.36l.98.98c-.88.24-1.8.38-2.75.38-3.79 0-7.17-2.13-8.82-5.5.7-1.43 1.72-2.61 2.93-3.53z"
      />
    </svg>
    <span
      className="MuiTypography-root MuiTypography-caption css-1a0mhoe-MuiTypography-root"
      condition="true"
      data-testid="text-hide"
    >
      Hide
    </span>
  </div>
  <div
    className="MuiBox-root css-orlaaz"
    onClick={[Function]}
    onTouchEnd={[Function]}
  >
    <svg
      aria-hidden={true}
      className="MuiSvgIcon-root MuiSvgIcon-fontSizeMedium css-i4bv87-MuiSvgIcon-root"
      data-testid="MoreHorizOutlinedIcon"
      focusable="false"
      onClick={[Function]}
      viewBox="0 0 24 24"
    >
      <path
        d="M6 10c-1.1 0-2 .9-2 2s.9 2 2 2 2-.9 2-2-.9-2-2-2zm12 0c-1.1 0-2 .9-2 2s.9 2 2 2 2-.9 2-2-.9-2-2-2zm-6 0c-1.1 0-2 .9-2 2s.9 2 2 2 2-.9 2-2-.9-2-2-2z"
      />
    </svg>
  </div>
</div>
`;
