// Jest Snapshot v1, https://goo.gl/fbAQLP

exports[`PostTypes PostTypes renders correctly 1`] = `
<div
  className="MuiTabs-root css-154oxqs-MuiTabs-root"
>
  <div
    className="MuiTabs-scroller MuiTabs-fixed css-jpln7h-MuiTabs-scroller"
    onScroll={[Function]}
    style={
      {
        "marginBottom": -0,
        "overflow": "hidden",
      }
    }
  >
    <div
      aria-orientation={null}
      className="MuiTabs-flexContainer css-heg063-MuiTabs-flexContainer"
      onKeyDown={[Function]}
      role="tablist"
    >
      <button
        aria-selected={true}
        className="MuiButtonBase-root MuiTab-root MuiTab-labelIcon MuiTab-textColorPrimary Mui-selected css-1f06ihc-MuiButtonBase-root-MuiTab-root"
        data-testid="text"
        disabled={false}
        onBlur={[Function]}
        onClick={[Function]}
        onContextMenu={[Function]}
        onDragLeave={[Function]}
        onFocus={[Function]}
        onKeyDown={[Function]}
        onKeyUp={[Function]}
        onMouseDown={[Function]}
        onMouseLeave={[Function]}
        onMouseUp={[Function]}
        onTouchEnd={[Function]}
        onTouchMove={[Function]}
        onTouchStart={[Function]}
        role="tab"
        tabIndex={0}
        type="button"
      >
        <svg
          aria-hidden={true}
          className="MuiSvgIcon-root MuiSvgIcon-fontSizeMedium MuiTab-iconWrapper css-i4bv87-MuiSvgIcon-root"
          data-testid="PostAddOutlinedIcon"
          focusable="false"
          viewBox="0 0 24 24"
        >
          <path
            d="M17 19.22H5V7h7V5H5c-1.1 0-2 .9-2 2v12c0 1.1.9 2 2 2h12c1.1 0 2-.9 2-2v-7h-2v7.22z"
          />
          <path
            d="M19 2h-2v3h-3c.01.01 0 2 0 2h3v2.99c.01.01 2 0 2 0V7h3V5h-3V2zM7 9h8v2H7zm0 3v2h8v-2h-3zm0 3h8v2H7z"
          />
        </svg>
        post
        <span
          className="MuiTabs-indicator css-1tpncd7-MuiTabs-indicator"
          style={{}}
        />
      </button>
      <hr
        className="MuiDivider-root MuiDivider-fullWidth MuiDivider-light MuiDivider-vertical MuiDivider-flexItem css-1l7b4j6-MuiDivider-root"
        fullWidth={false}
        indicator={false}
        onChange={[MockFunction]}
        selected={false}
        textColor="primary"
        value={1}
      />
      <button
        aria-selected={false}
        className="MuiButtonBase-root MuiTab-root MuiTab-labelIcon MuiTab-textColorPrimary css-1f06ihc-MuiButtonBase-root-MuiTab-root"
        data-testid="media"
        disabled={false}
        onBlur={[Function]}
        onClick={[Function]}
        onContextMenu={[Function]}
        onDragLeave={[Function]}
        onFocus={[Function]}
        onKeyDown={[Function]}
        onKeyUp={[Function]}
        onMouseDown={[Function]}
        onMouseLeave={[Function]}
        onMouseUp={[Function]}
        onTouchEnd={[Function]}
        onTouchMove={[Function]}
        onTouchStart={[Function]}
        role="tab"
        tabIndex={-1}
        type="button"
      >
        <svg
          aria-hidden={true}
          className="MuiSvgIcon-root MuiSvgIcon-fontSizeMedium MuiTab-iconWrapper css-i4bv87-MuiSvgIcon-root"
          data-testid="ImageOutlinedIcon"
          focusable="false"
          viewBox="0 0 24 24"
        >
          <path
            d="M19 5v14H5V5h14m0-2H5c-1.1 0-2 .9-2 2v14c0 1.1.9 2 2 2h14c1.1 0 2-.9 2-2V5c0-1.1-.9-2-2-2zm-4.86 8.86-3 3.87L9 13.14 6 17h12l-3.86-5.14z"
          />
        </svg>
        images & videos
      </button>
      <hr
        className="MuiDivider-root MuiDivider-fullWidth MuiDivider-light MuiDivider-vertical MuiDivider-flexItem css-1l7b4j6-MuiDivider-root"
        fullWidth={false}
        indicator={false}
        onChange={[MockFunction]}
        selected={false}
        textColor="primary"
        value={3}
      />
      <button
        aria-selected={false}
        className="MuiButtonBase-root MuiTab-root MuiTab-labelIcon MuiTab-textColorPrimary css-1f06ihc-MuiButtonBase-root-MuiTab-root"
        data-testid="url"
        disabled={false}
        onBlur={[Function]}
        onClick={[Function]}
        onContextMenu={[Function]}
        onDragLeave={[Function]}
        onFocus={[Function]}
        onKeyDown={[Function]}
        onKeyUp={[Function]}
        onMouseDown={[Function]}
        onMouseLeave={[Function]}
        onMouseUp={[Function]}
        onTouchEnd={[Function]}
        onTouchMove={[Function]}
        onTouchStart={[Function]}
        role="tab"
        tabIndex={-1}
        type="button"
      >
        <svg
          aria-hidden={true}
          className="MuiSvgIcon-root MuiSvgIcon-fontSizeMedium MuiTab-iconWrapper css-39q5dk-MuiSvgIcon-root"
          data-testid="AttachFileIcon"
          focusable="false"
          viewBox="0 0 24 24"
        >
          <path
            d="M16.5 6v11.5c0 2.21-1.79 4-4 4s-4-1.79-4-4V5c0-1.38 1.12-2.5 2.5-2.5s2.5 1.12 2.5 2.5v10.5c0 .55-.45 1-1 1s-1-.45-1-1V6H10v9.5c0 1.38 1.12 2.5 2.5 2.5s2.5-1.12 2.5-2.5V5c0-2.21-1.79-4-4-4S7 2.79 7 5v12.5c0 3.04 2.46 5.5 5.5 5.5s5.5-2.46 5.5-5.5V6h-1.5z"
          />
        </svg>
        link
      </button>
    </div>
  </div>
</div>
`;
