// Jest Snapshot v1, https://goo.gl/fbAQLP

exports[`test snapshot 1`] = `
<ul
  className="MuiList-root MuiList-padding css-1ovjbrw-MuiList-root"
  onClick={[Function]}
  onTouchEnd={[Function]}
>
  <div
    className="MuiButtonBase-root MuiListItemButton-root MuiListItemButton-gutters MuiListItemButton-root MuiListItemButton-gutters css-16ac5r2-MuiButtonBase-root-MuiListItemButton-root"
    onBlur={[Function]}
    onClick={[Function]}
    onContextMenu={[Function]}
    onDragLeave={[Function]}
    onFocus={[Function]}
    onKeyDown={[Function]}
    onKeyUp={[Function]}
    onMouseDown={[Function]}
    onMouseLeave={[Function]}
    onMouseUp={[Function]}
    onTouchEnd={[Function]}
    onTouchMove={[Function]}
    onTouchStart={[Function]}
    role="button"
    tabIndex={0}
  >
    <div
      className="MuiBox-root css-70qvj9"
    >
      <div
        className="MuiListItemIcon-root css-cveggr-MuiListItemIcon-root"
      >
        <div
          className="MuiBox-root css-0"
        >
          <div
            className="MuiAvatar-root MuiAvatar-circular MuiAvatar-colorDefault css-2s90m6-MuiAvatar-root"
          >
            <svg
              aria-hidden={true}
              className="MuiSvgIcon-root MuiSvgIcon-fontSizeMedium MuiAvatar-fallback css-10mi8st-MuiSvgIcon-root-MuiAvatar-fallback"
              data-testid="PersonIcon"
              focusable="false"
              viewBox="0 0 24 24"
            >
              <path
                d="M12 12c2.21 0 4-1.79 4-4s-1.79-4-4-4-4 1.79-4 4 1.79 4 4 4zm0 2c-2.67 0-8 1.34-8 4v2h16v-2c0-2.66-5.33-4-8-4z"
              />
            </svg>
          </div>
        </div>
      </div>
      <div
        className="MuiBox-root css-qwtxio"
      >
        <p
          className="MuiTypography-root MuiTypography-body1 css-9fpt74-MuiTypography-root"
        />
        <div
          className="MuiBox-root css-1n2mv2k"
        >
          <img
            alt=""
            height={12}
            src="karma.png"
            width={12}
          />
          <p
            className="MuiTypography-root MuiTypography-body1 css-15fhhhj-MuiTypography-root"
          >
            NaN
             
            karma
          </p>
        </div>
      </div>
    </div>
    <svg
      aria-hidden={true}
      className="MuiSvgIcon-root MuiSvgIcon-fontSizeMedium css-yoveok-MuiSvgIcon-root"
      data-testid="ExpandMoreIcon"
      focusable="false"
      viewBox="0 0 24 24"
    >
      <path
        d="M16.59 8.59 12 13.17 7.41 8.59 6 10l6 6 6-6z"
      />
    </svg>
  </div>
</ul>
`;
