// Jest Snapshot v1, https://goo.gl/fbAQLP

exports[`PostsClassification PostsClassification renders correctly 1`] = `
[
  <div
    className="css-1i4l6gc"
  />,
  ",",
]
`;
