// Jest Snapshot v1, https://goo.gl/fbAQLP

exports[`test snapshot 1`] = `
<div
  className="MuiBox-root css-146v974"
>
  <div
    className="MuiBox-root css-orlaaz"
  >
    <svg
      aria-hidden={true}
      className="MuiSvgIcon-root MuiSvgIcon-fontSizeMedium css-1or9raf-MuiSvgIcon-root"
      data-testid="UnfoldMoreOutlinedIcon"
      focusable="false"
      onClick={[Function]}
      viewBox="0 0 24 24"
    >
      <path
        d="M12 5.83 15.17 9l1.41-1.41L12 3 7.41 7.59 8.83 9 12 5.83zm0 12.34L8.83 15l-1.41 1.41L12 21l4.59-4.59L15.17 15 12 18.17z"
      />
    </svg>
  </div>
  <hr
    className="MuiDivider-root MuiDivider-middle MuiDivider-vertical MuiDivider-flexItem css-16bghm4-MuiDivider-root"
  />
  <div
    className="MuiBox-root css-orlaaz"
  >
    <svg
      aria-hidden={true}
      className="MuiSvgIcon-root MuiSvgIcon-fontSizeMedium css-i4bv87-MuiSvgIcon-root"
      data-testid="ChatBubbleOutlineOutlinedIcon"
      focusable="false"
      viewBox="0 0 24 24"
    >
      <path
        d="M20 2H4c-1.1 0-2 .9-2 2v18l4-4h14c1.1 0 2-.9 2-2V4c0-1.1-.9-2-2-2zm0 14H6l-2 2V4h16v12z"
      />
    </svg>
    <span
      className="MuiTypography-root MuiTypography-caption css-1052m2m-MuiTypography-root"
      responsiveshare="true"
    >
       
      Comments
    </span>
  </div>
  <div
    className="MuiBox-root css-196x17m"
    condition="true"
  >
    <svg
      aria-hidden={true}
      className="MuiSvgIcon-root MuiSvgIcon-fontSizeMedium css-i4bv87-MuiSvgIcon-root"
      data-testid="CardGiftcardIcon"
      focusable="false"
      viewBox="0 0 24 24"
    >
      <path
        d="M20 6h-2.18c.11-.31.18-.65.18-1 0-1.66-1.34-3-3-3-1.05 0-1.96.54-2.5 1.35l-.5.67-.5-.68C10.96 2.54 10.05 2 9 2 7.34 2 6 3.34 6 5c0 .35.07.69.18 1H4c-1.11 0-1.99.89-1.99 2L2 19c0 1.11.89 2 2 2h16c1.11 0 2-.89 2-2V8c0-1.11-.89-2-2-2zm-5-2c.55 0 1 .45 1 1s-.45 1-1 1-1-.45-1-1 .45-1 1-1zM9 4c.55 0 1 .45 1 1s-.45 1-1 1-1-.45-1-1 .45-1 1-1zm11 15H4v-2h16v2zm0-5H4V8h5.08L7 10.83 8.62 12 11 8.76l1-1.36 1 1.36L15.38 12 17 10.83 14.92 8H20v6z"
      />
    </svg>
    <span
      className="MuiTypography-root MuiTypography-caption css-1052m2m-MuiTypography-root"
      responsiveshare="true"
    >
      Award
    </span>
  </div>
  <div
    className="MuiBox-root css-orlaaz"
  >
    <svg
      aria-hidden={true}
      className="MuiSvgIcon-root MuiSvgIcon-fontSizeMedium css-i4bv87-MuiSvgIcon-root"
      data-testid="ShortcutOutlinedIcon"
      focusable="false"
      viewBox="0 0 24 24"
    >
      <path
        d="m15 5-1.41 1.41L15 7.83 17.17 10H8c-2.76 0-5 2.24-5 5v4h2v-4c0-1.65 1.35-3 3-3h9.17L15 14.17l-1.41 1.41L15 17l6-6-6-6z"
      />
    </svg>
    <span
      className="MuiTypography-root MuiTypography-caption css-1052m2m-MuiTypography-root"
      responsiveshare="true"
    >
      Share
    </span>
  </div>
  <div
    className="MuiBox-root css-196x17m"
    condition="true"
  >
    <svg
      aria-hidden={true}
      className="MuiSvgIcon-root MuiSvgIcon-fontSizeMedium css-i4bv87-MuiSvgIcon-root"
      data-testid="FlagOutlinedIcon"
      focusable="false"
      viewBox="0 0 24 24"
    >
      <path
        d="m12.36 6 .4 2H18v6h-3.36l-.4-2H7V6h5.36M14 4H5v17h2v-7h5.6l.4 2h7V6h-5.6L14 4z"
      />
    </svg>
    <span
      className="MuiTypography-root MuiTypography-caption css-1a0mhoe-MuiTypography-root"
      condition="true"
    >
      Report
    </span>
  </div>
  <div
    className="MuiBox-root css-1mnbp5s"
    show="true"
  >
    <svg
      aria-hidden={true}
      className="MuiSvgIcon-root MuiSvgIcon-fontSizeMedium css-i4bv87-MuiSvgIcon-root"
      data-testid="MoreHorizOutlinedIcon"
      focusable="false"
      onClick={[Function]}
      viewBox="0 0 24 24"
    >
      <path
        d="M6 10c-1.1 0-2 .9-2 2s.9 2 2 2 2-.9 2-2-.9-2-2-2zm12 0c-1.1 0-2 .9-2 2s.9 2 2 2 2-.9 2-2-.9-2-2-2zm-6 0c-1.1 0-2 .9-2 2s.9 2 2 2 2-.9 2-2-.9-2-2-2z"
      />
    </svg>
  </div>
</div>
`;
