// Jest Snapshot v1, https://goo.gl/fbAQLP

exports[`test snapshot 1`] = `
<ul
  className="MuiList-root MuiList-padding css-zqzbi5-MuiList-root"
>
  <div
    className="MuiButtonBase-root MuiListItemButton-root MuiListItemButton-gutters MuiListItemButton-root MuiListItemButton-gutters css-16ac5r2-MuiButtonBase-root-MuiListItemButton-root"
    onBlur={[Function]}
    onClick={[Function]}
    onContextMenu={[Function]}
    onDragLeave={[Function]}
    onFocus={[Function]}
    onKeyDown={[Function]}
    onKeyUp={[Function]}
    onMouseDown={[Function]}
    onMouseLeave={[Function]}
    onMouseUp={[Function]}
    onTouchEnd={[Function]}
    onTouchMove={[Function]}
    onTouchStart={[Function]}
    role="button"
    tabIndex={0}
  >
    <div
      className="MuiBox-root css-70qvj9"
    >
      <div
        className="MuiListItemIcon-root css-cveggr-MuiListItemIcon-root"
      >
        <div
          className="MuiBox-root css-0"
        >
          <div
            className="MuiAvatar-root MuiAvatar-circular css-1wlk0hk-MuiAvatar-root"
          >
            <img
              className="MuiAvatar-img css-1pqm26d-MuiAvatar-img"
              src="Reddit.svg"
            />
          </div>
        </div>
      </div>
      <div
        className="MuiBox-root css-qwtxio"
      >
        <p
          className="MuiTypography-root MuiTypography-body1 css-9fpt74-MuiTypography-root"
        >
          username
        </p>
        <div
          className="MuiBox-root css-1n2mv2k"
        >
          <img
            alt=""
            height={12}
            src="karma.png"
            width={12}
          />
          <p
            className="MuiTypography-root MuiTypography-body1 css-15fhhhj-MuiTypography-root"
          >
             1 karma
          </p>
        </div>
      </div>
    </div>
    <svg
      aria-hidden={true}
      className="MuiSvgIcon-root MuiSvgIcon-fontSizeMedium css-yoveok-MuiSvgIcon-root"
      data-testid="ExpandMoreIcon"
      focusable="false"
      viewBox="0 0 24 24"
    >
      <path
        d="M16.59 8.59 12 13.17 7.41 8.59 6 10l6 6 6-6z"
      />
    </svg>
  </div>
</ul>
`;
