// Jest Snapshot v1, https://goo.gl/fbAQLP

exports[`test snapshot 1`] = `
Array [
  " ",
  <div
    className="MuiBox-root css-1qcax3w"
  >
    <h2
      className="MuiTypography-root MuiTypography-h6 MuiDialogTitle-root css-108k2dz-MuiTypography-root-MuiDialogTitle-root"
    >
      Create a community
    </h2>
    <svg
      aria-hidden={true}
      className="MuiSvgIcon-root MuiSvgIcon-fontSizeMedium css-lw08pq-MuiSvgIcon-root"
      data-testid="CloseIcon"
      focusable="false"
      viewBox="0 0 24 24"
    >
      <path
        d="M19 6.41 17.59 5 12 10.59 6.41 5 5 6.41 10.59 12 5 17.59 6.41 19 12 13.41 17.59 19 19 17.59 13.41 12z"
      />
    </svg>
  </div>,
  <div
    className="MuiDialogContent-root css-qs439a-MuiDialogContent-root"
  >
    <h3
      className="css-118ivwj"
    >
      Name
    </h3>
    <p
      className="css-5o9jza"
    >
      Community names including capitalization cannot be changed.
      <button
        aria-label="Names cannot have spaces (e.g., \\"r/bookclub\\" not \\"r/book club\\"), must be between 3-21 characters, and underscores (\\"_\\") are the only special characters allowed. Avoid using solely trademarked names (e.g., \\"r/FansOfAcme\\" not \\"r/Acme\\")."
        aria-labelledby={null}
        className="MuiButtonBase-root MuiIconButton-root MuiIconButton-sizeMedium css-78trlr-MuiButtonBase-root-MuiIconButton-root"
        data-mui-internal-clone-element={true}
        disabled={false}
        onBlur={[Function]}
        onContextMenu={[Function]}
        onDragLeave={[Function]}
        onFocus={[Function]}
        onKeyDown={[Function]}
        onKeyUp={[Function]}
        onMouseDown={[Function]}
        onMouseLeave={[Function]}
        onMouseOver={[Function]}
        onMouseUp={[Function]}
        onTouchEnd={[Function]}
        onTouchMove={[Function]}
        onTouchStart={[Function]}
        tabIndex={0}
        type="button"
      >
        <svg
          aria-hidden={true}
          className="MuiSvgIcon-root MuiSvgIcon-fontSizeMedium css-1n93fd1-MuiSvgIcon-root"
          data-testid="ErrorOutlineIcon"
          focusable="false"
          viewBox="0 0 24 24"
        >
          <path
            d="M11 15h2v2h-2zm0-8h2v6h-2zm.99-5C6.47 2 2 6.48 2 12s4.47 10 9.99 10C17.52 22 22 17.52 22 12S17.52 2 11.99 2zM12 20c-4.42 0-8-3.58-8-8s3.58-8 8-8 8 3.58 8 8-3.58 8-8 8z"
          />
        </svg>
        <span
          className="MuiTouchRipple-root css-8je8zh-MuiTouchRipple-root"
        />
      </button>
    </p>
  </div>,
]
`;
