// Jest Snapshot v1, https://goo.gl/fbAQLP

exports[`test snapshot 1`] = `
<form
  className="css-1b9eai0"
  noValidate={true}
  onSubmit={[Function]}
>
  <div
    className="MuiFormControl-root MuiTextField-root css-5ngv9u-MuiFormControl-root-MuiTextField-root"
  >
    <div
      className="MuiInputBase-root MuiFilledInput-root MuiInputBase-colorPrimary MuiInputBase-formControl MuiInputBase-sizeSmall css-1pw81iq-MuiInputBase-root-MuiFilledInput-root"
      onClick={[Function]}
    >
      <input
        aria-invalid={false}
        autoComplete="off"
        autoFocus={false}
        className="MuiInputBase-input MuiFilledInput-input MuiInputBase-inputSizeSmall css-c5v1qu-MuiInputBase-input-MuiFilledInput-input"
        disabled={false}
        id=":r0:"
        onAnimationStart={[Function]}
        onBlur={[Function]}
        onChange={[Function]}
        onFocus={[Function]}
        required={true}
        type="text"
        value=""
      />
    </div>
  </div>
  <button
    className="MuiButtonBase-root MuiButton-root MuiLoadingButton-root MuiButton-text MuiButton-textPrimary MuiButton-sizeMedium MuiButton-textSizeMedium MuiButton-root MuiLoadingButton-root MuiButton-text MuiButton-textPrimary MuiButton-sizeMedium MuiButton-textSizeMedium css-ut38f7-MuiButtonBase-root-MuiButton-root-MuiLoadingButton-root"
    disabled={false}
    id=":r1:"
    onBlur={[Function]}
    onContextMenu={[Function]}
    onDragLeave={[Function]}
    onFocus={[Function]}
    onKeyDown={[Function]}
    onKeyUp={[Function]}
    onMouseDown={[Function]}
    onMouseLeave={[Function]}
    onMouseUp={[Function]}
    onTouchEnd={[Function]}
    onTouchMove={[Function]}
    onTouchStart={[Function]}
    tabIndex={0}
    type="submit"
  />
</form>
`;
