// Jest Snapshot v1, https://goo.gl/fbAQLP

exports[`MultiLevelSideBar-test-snapshot 1`] = `null`;
