// Jest Snapshot v1, https://goo.gl/fbAQLP

exports[`test snapshot 1`] = `
<div
  data-testid="settings-feed"
>
   error in fecting
</div>
`;
