// Jest Snapshot v1, https://goo.gl/fbAQLP

exports[`test snapshot 1`] = `
<header
  className="css-1smv5mi"
  data-testid="notifications-header-test"
>
  <h1
    className="css-z0evd0"
  >
    Notifications
  </h1>
  <nav
    className="css-1em3x1k"
  >
    <div
      className="css-1rudzjd"
      onClick={[Function]}
    >
      <div
        className="css-m75dnw"
      >
        Activity
      </div>
    </div>
    <div
      className="css-o8qxya"
      onClick={[Function]}
    >
      <a
        href="/messages"
        onClick={[Function]}
      >
        <div
          className="css-m75dnw"
          data-testid="message-router"
        >
          Messages
        </div>
      </a>
    </div>
    <div
      className="css-xxc4pc"
      onClick={[Function]}
    >
      <svg
        aria-hidden={true}
        className="MuiSvgIcon-root MuiSvgIcon-fontSizeMedium css-i4bv87-MuiSvgIcon-root"
        data-testid="BeenhereOutlinedIcon"
        focusable="false"
        viewBox="0 0 24 24"
      >
        <path
          d="M19 1H5c-1.1 0-1.99.9-1.99 2L3 15.93c0 .69.35 1.3.88 1.66L12 23l8.11-5.41c.53-.36.88-.97.88-1.66L21 3c0-1.1-.9-2-2-2zm-7 19.6-7-4.66V3h14v12.93l-7 4.67zm-2.01-7.42-2.58-2.59L6 12l4 4 8-8-1.42-1.42z"
        />
      </svg>
      <div
        className="css-m75dnw"
      >
        Mark as Read
      </div>
    </div>
    <div
      className="css-xxc4pc"
      onClick={[Function]}
    >
      <svg
        aria-hidden={true}
        className="MuiSvgIcon-root MuiSvgIcon-fontSizeMedium css-i4bv87-MuiSvgIcon-root"
        data-testid="SettingsOutlinedIcon"
        focusable="false"
        viewBox="0 0 24 24"
      >
        <path
          d="M19.43 12.98c.04-.32.07-.64.07-.98 0-.34-.03-.66-.07-.98l2.11-1.65c.19-.15.24-.42.12-.64l-2-3.46c-.09-.16-.26-.25-.44-.25-.06 0-.12.01-.17.03l-2.49 1c-.52-.4-1.08-.73-1.69-.98l-.38-2.65C14.46 2.18 14.25 2 14 2h-4c-.25 0-.46.18-.49.42l-.38 2.65c-.61.25-1.17.59-1.69.98l-2.49-1c-.06-.02-.12-.03-.18-.03-.17 0-.34.09-.43.25l-2 3.46c-.13.22-.07.49.12.64l2.11 1.65c-.04.32-.07.65-.07.98 0 .33.03.66.07.98l-2.11 1.65c-.19.15-.24.42-.12.64l2 3.46c.09.16.26.25.44.25.06 0 .12-.01.17-.03l2.49-1c.52.4 1.08.73 1.69.98l.38 2.65c.03.24.24.42.49.42h4c.25 0 .46-.18.49-.42l.38-2.65c.61-.25 1.17-.59 1.69-.98l2.49 1c.06.02.12.03.18.03.17 0 .34-.09.43-.25l2-3.46c.12-.22.07-.49-.12-.64l-2.11-1.65zm-1.98-1.71c.04.31.05.52.05.73 0 .21-.02.43-.05.73l-.14 1.13.89.7 1.08.84-.7 1.21-1.27-.51-1.04-.42-.9.68c-.43.32-.84.56-1.25.73l-1.06.43-.16 1.13-.2 1.35h-1.4l-.19-1.35-.16-1.13-1.06-.43c-.43-.18-.83-.41-1.23-.71l-.91-.7-1.06.43-1.27.51-.7-1.21 1.08-.84.89-.7-.14-1.13c-.03-.31-.05-.54-.05-.74s.02-.43.05-.73l.14-1.13-.89-.7-1.08-.84.7-1.21 1.27.51 1.04.42.9-.68c.43-.32.84-.56 1.25-.73l1.06-.43.16-1.13.2-1.35h1.39l.19 1.35.16 1.13 1.06.43c.43.18.83.41 1.23.71l.91.7 1.06-.43 1.27-.51.7 1.21-1.07.85-.89.7.14 1.13zM12 8c-2.21 0-4 1.79-4 4s1.79 4 4 4 4-1.79 4-4-1.79-4-4-4zm0 6c-1.1 0-2-.9-2-2s.9-2 2-2 2 .9 2 2-.9 2-2 2z"
        />
      </svg>
      <a
        href="/settings"
        onClick={[Function]}
      >
        <div
          className="css-m75dnw"
        >
          Settings
        </div>
      </a>
    </div>
  </nav>
</header>
`;
