// Jest Snapshot v1, https://goo.gl/fbAQLP

exports[`test snapshot 1`] = `
<div
  className="css-qu6rh0"
>
  <div
    className="css-eh34ab"
  >
    <button
      className="MuiButtonBase-root MuiButton-root MuiButton-text MuiButton-textPrimary MuiButton-sizeMedium MuiButton-textSizeMedium MuiButton-root MuiButton-text MuiButton-textPrimary MuiButton-sizeMedium MuiButton-textSizeMedium css-11x320d-MuiButtonBase-root-MuiButton-root"
      disabled={false}
      onBlur={[Function]}
      onClick={[Function]}
      onContextMenu={[Function]}
      onDragLeave={[Function]}
      onFocus={[Function]}
      onKeyDown={[Function]}
      onKeyUp={[Function]}
      onMouseDown={[Function]}
      onMouseLeave={[Function]}
      onMouseUp={[Function]}
      onTouchEnd={[Function]}
      onTouchMove={[Function]}
      onTouchStart={[Function]}
      tabIndex={0}
      type="button"
    >
      Save Change
    </button>
  </div>
  <div
    className="css-graee"
  >
    <div
      className="css-1mrkymd"
    >
      <div
        className="css-udpovt"
      >
        Posts and Comment settings
      </div>
      <p
        className="css-1a2xcj3"
      >
        Comments
      </p>
      <div
        className="css-65t9c5"
      >
        <div
          className="css-1lxwves"
        >
          <div
            className="css-1ff86hl"
          >
            Suggested sort
          </div>
          <p
            className="css-1no76xs"
          >
            All comment feeds in community will default to this sort setting
          </p>
        </div>
        <div
          className="MuiBox-root css-lrpiln"
        >
          <div
            className="MuiBox-root css-70qvj9"
            data-testid="sort"
            onClick={[Function]}
            onTouchEnd={[Function]}
          >
            <div
              className="MuiBox-root css-1f3cjlq"
            >
              <div
                className="MuiBox-root css-10i7xi9"
              />
            </div>
            <svg
              aria-hidden={true}
              className="MuiSvgIcon-root MuiSvgIcon-fontSizeMedium css-i4bv87-MuiSvgIcon-root"
              data-testid="ExpandMoreIcon"
              focusable="false"
              viewBox="0 0 24 24"
            >
              <path
                d="M16.59 8.59 12 13.17 7.41 8.59 6 10l6 6 6-6z"
              />
            </svg>
          </div>
        </div>
      </div>
      <p
        className="css-nxmfxb"
      >
        posts
      </p>
      <div
        className="css-48xeho"
      >
        Post type options
      </div>
      <div
        className="css-65t9c5"
      >
        <div
          className="css-1lxwves"
        >
          <div
            className="css-ondxns"
          >
            Image posts
          </div>
          <div
            className="MuiBox-root css-11rgmnm"
          >
            Allow images to be uploaded in posts in your subreddit
          </div>
        </div>
        <span
          className="MuiSwitch-root MuiSwitch-sizeMedium css-julti5-MuiSwitch-root"
        >
          <span
            className="MuiButtonBase-root MuiSwitch-switchBase MuiSwitch-colorPrimary PrivateSwitchBase-root MuiSwitch-switchBase MuiSwitch-colorPrimary css-5ryogn-MuiButtonBase-root-MuiSwitch-switchBase"
            onBlur={[Function]}
            onClick={[Function]}
            onContextMenu={[Function]}
            onDragLeave={[Function]}
            onFocus={[Function]}
            onKeyDown={[Function]}
            onKeyUp={[Function]}
            onMouseDown={[Function]}
            onMouseLeave={[Function]}
            onMouseUp={[Function]}
            onTouchEnd={[Function]}
            onTouchMove={[Function]}
            onTouchStart={[Function]}
            tabIndex={null}
          >
            <input
              className="PrivateSwitchBase-input MuiSwitch-input css-1m9pwf3"
              defaultChecked={false}
              onChange={[Function]}
              type="checkbox"
            />
            <span
              className="MuiSwitch-thumb css-jsexje-MuiSwitch-thumb"
            />
          </span>
          <span
            className="MuiSwitch-track css-1yjjitx-MuiSwitch-track"
          />
        </span>
      </div>
      <div
        className="css-65t9c5"
      >
        <div
          className="css-1lxwves"
        >
          <div
            className="css-ondxns"
          >
            Videos posts
          </div>
          <div
            className="MuiBox-root css-11rgmnm"
          >
            Allow videos to be uploaded in posts in your subreddit
          </div>
        </div>
        <span
          className="MuiSwitch-root MuiSwitch-sizeMedium css-julti5-MuiSwitch-root"
        >
          <span
            className="MuiButtonBase-root MuiSwitch-switchBase MuiSwitch-colorPrimary PrivateSwitchBase-root MuiSwitch-switchBase MuiSwitch-colorPrimary css-5ryogn-MuiButtonBase-root-MuiSwitch-switchBase"
            onBlur={[Function]}
            onClick={[Function]}
            onContextMenu={[Function]}
            onDragLeave={[Function]}
            onFocus={[Function]}
            onKeyDown={[Function]}
            onKeyUp={[Function]}
            onMouseDown={[Function]}
            onMouseLeave={[Function]}
            onMouseUp={[Function]}
            onTouchEnd={[Function]}
            onTouchMove={[Function]}
            onTouchStart={[Function]}
            tabIndex={null}
          >
            <input
              className="PrivateSwitchBase-input MuiSwitch-input css-1m9pwf3"
              defaultChecked={false}
              onChange={[Function]}
              type="checkbox"
            />
            <span
              className="MuiSwitch-thumb css-jsexje-MuiSwitch-thumb"
            />
          </span>
          <span
            className="MuiSwitch-track css-1yjjitx-MuiSwitch-track"
          />
        </span>
      </div>
      <div
        className="css-65t9c5"
      >
        <div
          className="css-1lxwves"
        >
          <div
            className="css-ondxns"
          >
            Links posts
          </div>
          <div
            className="MuiBox-root css-11rgmnm"
          >
            Allow links to be uploaded in posts in your subreddit
          </div>
        </div>
        <span
          className="MuiSwitch-root MuiSwitch-sizeMedium css-julti5-MuiSwitch-root"
        >
          <span
            className="MuiButtonBase-root MuiSwitch-switchBase MuiSwitch-colorPrimary PrivateSwitchBase-root MuiSwitch-switchBase MuiSwitch-colorPrimary css-5ryogn-MuiButtonBase-root-MuiSwitch-switchBase"
            onBlur={[Function]}
            onClick={[Function]}
            onContextMenu={[Function]}
            onDragLeave={[Function]}
            onFocus={[Function]}
            onKeyDown={[Function]}
            onKeyUp={[Function]}
            onMouseDown={[Function]}
            onMouseLeave={[Function]}
            onMouseUp={[Function]}
            onTouchEnd={[Function]}
            onTouchMove={[Function]}
            onTouchStart={[Function]}
            tabIndex={null}
          >
            <input
              className="PrivateSwitchBase-input MuiSwitch-input css-1m9pwf3"
              defaultChecked={false}
              onChange={[Function]}
              type="checkbox"
            />
            <span
              className="MuiSwitch-thumb css-jsexje-MuiSwitch-thumb"
            />
          </span>
          <span
            className="MuiSwitch-track css-1yjjitx-MuiSwitch-track"
          />
        </span>
      </div>
    </div>
  </div>
</div>
`;
