// Jest Snapshot v1, https://goo.gl/fbAQLP

exports[`RedditPremium RedditPremium renders correctly 1`] = `
Array [
  <div
    className="css-170bi6"
  >
    <div
      className="MuiBox-root css-1kukc4r"
    >
      <svg
        aria-hidden={true}
        className="MuiSvgIcon-root MuiSvgIcon-colorSecondary MuiSvgIcon-fontSizeMedium css-zvbc5x-MuiSvgIcon-root"
        data-testid="SportsScoreIcon"
        focusable="false"
        viewBox="0 0 24 24"
      >
        <path
          d="M11 6H9V4h2v2zm4-2h-2v2h2V4zM9 14h2v-2H9v2zm10-4V8h-2v2h2zm0 4v-2h-2v2h2zm-6 0h2v-2h-2v2zm6-10h-2v2h2V4zm-6 4V6h-2v2h2zm-6 2V8h2V6H7V4H5v16h2v-8h2v-2H7zm8 2h2v-2h-2v2zm-4-2v2h2v-2h-2zM9 8v2h2V8H9zm4 2h2V8h-2v2zm2-4v2h2V6h-2z"
        />
      </svg>
      <div
        className="MuiBox-root css-j7qwjs"
      >
        <div
          className="css-1tpqrfm"
        >
          Reddit Premium
        </div>
        <div
          className="css-1123vha"
        >
          The best Reddit experience, with monthly Coins
        </div>
      </div>
    </div>
    <button
      className="MuiButtonBase-root MuiButton-root MuiButton-contained MuiButton-containedSecondary MuiButton-sizeMedium MuiButton-containedSizeMedium MuiButton-root MuiButton-contained MuiButton-containedSecondary MuiButton-sizeMedium MuiButton-containedSizeMedium css-1a8l933-MuiButtonBase-root-MuiButton-root"
      disabled={false}
      fontSize={15}
      fontWeight="bold"
      onBlur={[Function]}
      onContextMenu={[Function]}
      onDragLeave={[Function]}
      onFocus={[Function]}
      onKeyDown={[Function]}
      onKeyUp={[Function]}
      onMouseDown={[Function]}
      onMouseLeave={[Function]}
      onMouseUp={[Function]}
      onTouchEnd={[Function]}
      onTouchMove={[Function]}
      onTouchStart={[Function]}
      padding="4px"
      tabIndex={0}
      type="button"
    >
      try now
    </button>
  </div>,
  ",",
]
`;
